This is pdfTeX, Version 3.14159265-2.6-1.40.21 (MiKTeX 2.9.7300 64-bit) (preloaded format=latex 2020.3.30)  30 MAR 2020 17:19
entering extended mode
**\makeatletter\def\HCode{\futurelet\HCode\HChar}\def\HChar{\ifx\HCode\def\HCod
e##1{\Link##1}\expandafter\HCode\else\expandafter\Link\fi}\def\Link#1.a.b.c.{\g
@addto@macro\@documentclasshook{\RequirePackage[#1,html]{tex4ht}}\let\HCode\doc
umentstyle\def\documentstyle{\let\documentstyle\HCode\expandafter\def\csname te
x4ht\endcsname{#1,html}\def\HCode####1{\documentstyle[tex4ht,}\@ifnextchar[{\HC
ode}{\documentstyle[tex4ht]}}}\makeatother\HCode config,,charset=utf-8,html5.a.
b.c.\input \detokenize{test.tex} > nul 2>&1
(test.tex ("C:\Program Files\MiKTeX 2.9\tex/latex/base\article.cls"
Document Class: article 2019/12/20 v1.4l Standard LaTeX document class
("C:\Program Files\MiKTeX 2.9\tex/latex/base\size12.clo"
File: size12.clo 2019/12/20 v1.4l Standard LaTeX file (size option)
)
\c@part=\count167
\c@section=\count168
\c@subsection=\count169
\c@subsubsection=\count170
\c@paragraph=\count171
\c@subparagraph=\count172
\c@figure=\count173
\c@table=\count174
\abovecaptionskip=\skip47
\belowcaptionskip=\skip48
\bibindent=\dimen134
) ("C:\Program Files\MiKTeX 2.9\tex/generic/tex4ht\tex4ht.sty"
version 2019-03-18-15:24
Package: tex4ht 
--------------------------------------
--- Note --- for _ at preamble, use the command line option `early_'
--------------------------------------
--------------------------------------
--- Note --- for ^ at preamble, use the command line option `early^'
--------------------------------------
\tmp:toks=\toks15
) ("C:\Program Files\MiKTeX 2.9\tex/generic/tex4ht\usepackage.4ht"
version 2019-12-19-14:27
) ("C:\Program Files\MiKTeX 2.9\tex/latex/inputenx\inputenx.sty"
Package: inputenx 2019/11/29 v1.12 Enhanced input encoding handling (HO)
("C:\Program Files\MiKTeX 2.9\tex/latex/inputenx\ix-alias.def"
File: ix-alias.def 2019/11/29 v1.12 Alias list (inputenx)
)
Package inputenx Info: Encoding name: utf8
(inputenx)             Encoding file: utf8.def
(inputenx)              on input line 175.
("C:\Program Files\MiKTeX 2.9\tex/latex/base\inputenc.sty"
Package: inputenc 2018/08/11 v1.3c Input encoding file
\inpenc@prehook=\toks16
\inpenc@posthook=\toks17
) ("C:\Program Files\MiKTeX 2.9\tex/latex/base\utf8.def"
File: utf8.def 2019/11/14 v1.2k UTF-8 support for inputenc
Now handling font encoding OML ...
... no UTF-8 mapping file for font encoding OML
Now handling font encoding OMS ...
... processing UTF-8 mapping file for font encoding OMS
("C:\Program Files\MiKTeX 2.9\tex/latex/base\omsenc.dfu"
File: omsenc.dfu 2019/11/14 v1.2k UTF-8 support for inputenc
   defining Unicode char U+00A7 (decimal 167)
   defining Unicode char U+00B6 (decimal 182)
   defining Unicode char U+00B7 (decimal 183)
   defining Unicode char U+2020 (decimal 8224)
   defining Unicode char U+2021 (decimal 8225)
   defining Unicode char U+2022 (decimal 8226)
)
Now handling font encoding OT1 ...
... processing UTF-8 mapping file for font encoding OT1
("C:\Program Files\MiKTeX 2.9\tex/latex/base\ot1enc.dfu"
File: ot1enc.dfu 2019/11/14 v1.2k UTF-8 support for inputenc
   defining Unicode char U+00A0 (decimal 160)
   defining Unicode char U+00A1 (decimal 161)
   defining Unicode char U+00A3 (decimal 163)
   defining Unicode char U+00AD (decimal 173)
   defining Unicode char U+00B8 (decimal 184)
   defining Unicode char U+00BF (decimal 191)
   defining Unicode char U+00C5 (decimal 197)
   defining Unicode char U+00C6 (decimal 198)
   defining Unicode char U+00D8 (decimal 216)
   defining Unicode char U+00DF (decimal 223)
   defining Unicode char U+00E6 (decimal 230)
   defining Unicode char U+00EC (decimal 236)
   defining Unicode char U+00ED (decimal 237)
   defining Unicode char U+00EE (decimal 238)
   defining Unicode char U+00EF (decimal 239)
   defining Unicode char U+00F8 (decimal 248)
   defining Unicode char U+0131 (decimal 305)
   defining Unicode char U+0141 (decimal 321)
   defining Unicode char U+0142 (decimal 322)
   defining Unicode char U+0152 (decimal 338)
   defining Unicode char U+0153 (decimal 339)
   defining Unicode char U+0174 (decimal 372)
   defining Unicode char U+0175 (decimal 373)
   defining Unicode char U+0176 (decimal 374)
   defining Unicode char U+0177 (decimal 375)
   defining Unicode char U+0218 (decimal 536)
   defining Unicode char U+0219 (decimal 537)
   defining Unicode char U+021A (decimal 538)
   defining Unicode char U+021B (decimal 539)
   defining Unicode char U+0237 (decimal 567)
   defining Unicode char U+2013 (decimal 8211)
   defining Unicode char U+2014 (decimal 8212)
   defining Unicode char U+2018 (decimal 8216)
   defining Unicode char U+2019 (decimal 8217)
   defining Unicode char U+201C (decimal 8220)
   defining Unicode char U+201D (decimal 8221)
   defining Unicode char U+FB00 (decimal 64256)
   defining Unicode char U+FB01 (decimal 64257)
   defining Unicode char U+FB02 (decimal 64258)
   defining Unicode char U+FB03 (decimal 64259)
   defining Unicode char U+FB04 (decimal 64260)
   defining Unicode char U+FB05 (decimal 64261)
   defining Unicode char U+FB06 (decimal 64262)
)
Now handling font encoding T1 ...
... processing UTF-8 mapping file for font encoding T1
("C:\Program Files\MiKTeX 2.9\tex/latex/base\t1enc.dfu"
File: t1enc.dfu 2019/11/14 v1.2k UTF-8 support for inputenc
   defining Unicode char U+00A0 (decimal 160)
   defining Unicode char U+00A1 (decimal 161)
   defining Unicode char U+00A3 (decimal 163)
   defining Unicode char U+00AB (decimal 171)
   defining Unicode char U+00AD (decimal 173)
   defining Unicode char U+00BB (decimal 187)
   defining Unicode char U+00BF (decimal 191)
   defining Unicode char U+00C0 (decimal 192)
   defining Unicode char U+00C1 (decimal 193)
   defining Unicode char U+00C2 (decimal 194)
   defining Unicode char U+00C3 (decimal 195)
   defining Unicode char U+00C4 (decimal 196)
   defining Unicode char U+00C5 (decimal 197)
   defining Unicode char U+00C6 (decimal 198)
   defining Unicode char U+00C7 (decimal 199)
   defining Unicode char U+00C8 (decimal 200)
   defining Unicode char U+00C9 (decimal 201)
   defining Unicode char U+00CA (decimal 202)
   defining Unicode char U+00CB (decimal 203)
   defining Unicode char U+00CC (decimal 204)
   defining Unicode char U+00CD (decimal 205)
   defining Unicode char U+00CE (decimal 206)
   defining Unicode char U+00CF (decimal 207)
   defining Unicode char U+00D0 (decimal 208)
   defining Unicode char U+00D1 (decimal 209)
   defining Unicode char U+00D2 (decimal 210)
   defining Unicode char U+00D3 (decimal 211)
   defining Unicode char U+00D4 (decimal 212)
   defining Unicode char U+00D5 (decimal 213)
   defining Unicode char U+00D6 (decimal 214)
   defining Unicode char U+00D8 (decimal 216)
   defining Unicode char U+00D9 (decimal 217)
   defining Unicode char U+00DA (decimal 218)
   defining Unicode char U+00DB (decimal 219)
   defining Unicode char U+00DC (decimal 220)
   defining Unicode char U+00DD (decimal 221)
   defining Unicode char U+00DE (decimal 222)
   defining Unicode char U+00DF (decimal 223)
   defining Unicode char U+00E0 (decimal 224)
   defining Unicode char U+00E1 (decimal 225)
   defining Unicode char U+00E2 (decimal 226)
   defining Unicode char U+00E3 (decimal 227)
   defining Unicode char U+00E4 (decimal 228)
   defining Unicode char U+00E5 (decimal 229)
   defining Unicode char U+00E6 (decimal 230)
   defining Unicode char U+00E7 (decimal 231)
   defining Unicode char U+00E8 (decimal 232)
   defining Unicode char U+00E9 (decimal 233)
   defining Unicode char U+00EA (decimal 234)
   defining Unicode char U+00EB (decimal 235)
   defining Unicode char U+00EC (decimal 236)
   defining Unicode char U+00ED (decimal 237)
   defining Unicode char U+00EE (decimal 238)
   defining Unicode char U+00EF (decimal 239)
   defining Unicode char U+00F0 (decimal 240)
   defining Unicode char U+00F1 (decimal 241)
   defining Unicode char U+00F2 (decimal 242)
   defining Unicode char U+00F3 (decimal 243)
   defining Unicode char U+00F4 (decimal 244)
   defining Unicode char U+00F5 (decimal 245)
   defining Unicode char U+00F6 (decimal 246)
   defining Unicode char U+00F8 (decimal 248)
   defining Unicode char U+00F9 (decimal 249)
   defining Unicode char U+00FA (decimal 250)
   defining Unicode char U+00FB (decimal 251)
   defining Unicode char U+00FC (decimal 252)
   defining Unicode char U+00FD (decimal 253)
   defining Unicode char U+00FE (decimal 254)
   defining Unicode char U+00FF (decimal 255)
   defining Unicode char U+0100 (decimal 256)
   defining Unicode char U+0101 (decimal 257)
   defining Unicode char U+0102 (decimal 258)
   defining Unicode char U+0103 (decimal 259)
   defining Unicode char U+0104 (decimal 260)
   defining Unicode char U+0105 (decimal 261)
   defining Unicode char U+0106 (decimal 262)
   defining Unicode char U+0107 (decimal 263)
   defining Unicode char U+0108 (decimal 264)
   defining Unicode char U+0109 (decimal 265)
   defining Unicode char U+010A (decimal 266)
   defining Unicode char U+010B (decimal 267)
   defining Unicode char U+010C (decimal 268)
   defining Unicode char U+010D (decimal 269)
   defining Unicode char U+010E (decimal 270)
   defining Unicode char U+010F (decimal 271)
   defining Unicode char U+0110 (decimal 272)
   defining Unicode char U+0111 (decimal 273)
   defining Unicode char U+0112 (decimal 274)
   defining Unicode char U+0113 (decimal 275)
   defining Unicode char U+0114 (decimal 276)
   defining Unicode char U+0115 (decimal 277)
   defining Unicode char U+0116 (decimal 278)
   defining Unicode char U+0117 (decimal 279)
   defining Unicode char U+0118 (decimal 280)
   defining Unicode char U+0119 (decimal 281)
   defining Unicode char U+011A (decimal 282)
   defining Unicode char U+011B (decimal 283)
   defining Unicode char U+011C (decimal 284)
   defining Unicode char U+011D (decimal 285)
   defining Unicode char U+011E (decimal 286)
   defining Unicode char U+011F (decimal 287)
   defining Unicode char U+0120 (decimal 288)
   defining Unicode char U+0121 (decimal 289)
   defining Unicode char U+0122 (decimal 290)
   defining Unicode char U+0123 (decimal 291)
   defining Unicode char U+0124 (decimal 292)
   defining Unicode char U+0125 (decimal 293)
   defining Unicode char U+0128 (decimal 296)
   defining Unicode char U+0129 (decimal 297)
   defining Unicode char U+012A (decimal 298)
   defining Unicode char U+012B (decimal 299)
   defining Unicode char U+012C (decimal 300)
   defining Unicode char U+012D (decimal 301)
   defining Unicode char U+012E (decimal 302)
   defining Unicode char U+012F (decimal 303)
   defining Unicode char U+0130 (decimal 304)
   defining Unicode char U+0131 (decimal 305)
   defining Unicode char U+0132 (decimal 306)
   defining Unicode char U+0133 (decimal 307)
   defining Unicode char U+0134 (decimal 308)
   defining Unicode char U+0135 (decimal 309)
   defining Unicode char U+0136 (decimal 310)
   defining Unicode char U+0137 (decimal 311)
   defining Unicode char U+0139 (decimal 313)
   defining Unicode char U+013A (decimal 314)
   defining Unicode char U+013B (decimal 315)
   defining Unicode char U+013C (decimal 316)
   defining Unicode char U+013D (decimal 317)
   defining Unicode char U+013E (decimal 318)
   defining Unicode char U+0141 (decimal 321)
   defining Unicode char U+0142 (decimal 322)
   defining Unicode char U+0143 (decimal 323)
   defining Unicode char U+0144 (decimal 324)
   defining Unicode char U+0145 (decimal 325)
   defining Unicode char U+0146 (decimal 326)
   defining Unicode char U+0147 (decimal 327)
   defining Unicode char U+0148 (decimal 328)
   defining Unicode char U+014A (decimal 330)
   defining Unicode char U+014B (decimal 331)
   defining Unicode char U+014C (decimal 332)
   defining Unicode char U+014D (decimal 333)
   defining Unicode char U+014E (decimal 334)
   defining Unicode char U+014F (decimal 335)
   defining Unicode char U+0150 (decimal 336)
   defining Unicode char U+0151 (decimal 337)
   defining Unicode char U+0152 (decimal 338)
   defining Unicode char U+0153 (decimal 339)
   defining Unicode char U+0154 (decimal 340)
   defining Unicode char U+0155 (decimal 341)
   defining Unicode char U+0156 (decimal 342)
   defining Unicode char U+0157 (decimal 343)
   defining Unicode char U+0158 (decimal 344)
   defining Unicode char U+0159 (decimal 345)
   defining Unicode char U+015A (decimal 346)
   defining Unicode char U+015B (decimal 347)
   defining Unicode char U+015C (decimal 348)
   defining Unicode char U+015D (decimal 349)
   defining Unicode char U+015E (decimal 350)
   defining Unicode char U+015F (decimal 351)
   defining Unicode char U+0160 (decimal 352)
   defining Unicode char U+0161 (decimal 353)
   defining Unicode char U+0162 (decimal 354)
   defining Unicode char U+0163 (decimal 355)
   defining Unicode char U+0164 (decimal 356)
   defining Unicode char U+0165 (decimal 357)
   defining Unicode char U+0168 (decimal 360)
   defining Unicode char U+0169 (decimal 361)
   defining Unicode char U+016A (decimal 362)
   defining Unicode char U+016B (decimal 363)
   defining Unicode char U+016C (decimal 364)
   defining Unicode char U+016D (decimal 365)
   defining Unicode char U+016E (decimal 366)
   defining Unicode char U+016F (decimal 367)
   defining Unicode char U+0170 (decimal 368)
   defining Unicode char U+0171 (decimal 369)
   defining Unicode char U+0172 (decimal 370)
   defining Unicode char U+0173 (decimal 371)
   defining Unicode char U+0174 (decimal 372)
   defining Unicode char U+0175 (decimal 373)
   defining Unicode char U+0176 (decimal 374)
   defining Unicode char U+0177 (decimal 375)
   defining Unicode char U+0178 (decimal 376)
   defining Unicode char U+0179 (decimal 377)
   defining Unicode char U+017A (decimal 378)
   defining Unicode char U+017B (decimal 379)
   defining Unicode char U+017C (decimal 380)
   defining Unicode char U+017D (decimal 381)
   defining Unicode char U+017E (decimal 382)
   defining Unicode char U+01CD (decimal 461)
   defining Unicode char U+01CE (decimal 462)
   defining Unicode char U+01CF (decimal 463)
   defining Unicode char U+01D0 (decimal 464)
   defining Unicode char U+01D1 (decimal 465)
   defining Unicode char U+01D2 (decimal 466)
   defining Unicode char U+01D3 (decimal 467)
   defining Unicode char U+01D4 (decimal 468)
   defining Unicode char U+01E2 (decimal 482)
   defining Unicode char U+01E3 (decimal 483)
   defining Unicode char U+01E6 (decimal 486)
   defining Unicode char U+01E7 (decimal 487)
   defining Unicode char U+01E8 (decimal 488)
   defining Unicode char U+01E9 (decimal 489)
   defining Unicode char U+01EA (decimal 490)
   defining Unicode char U+01EB (decimal 491)
   defining Unicode char U+01F0 (decimal 496)
   defining Unicode char U+01F4 (decimal 500)
   defining Unicode char U+01F5 (decimal 501)
   defining Unicode char U+0218 (decimal 536)
   defining Unicode char U+0219 (decimal 537)
   defining Unicode char U+021A (decimal 538)
   defining Unicode char U+021B (decimal 539)
   defining Unicode char U+0232 (decimal 562)
   defining Unicode char U+0233 (decimal 563)
   defining Unicode char U+0237 (decimal 567)
   defining Unicode char U+02D9 (decimal 729)
   defining Unicode char U+02DB (decimal 731)
   defining Unicode char U+1E02 (decimal 7682)
   defining Unicode char U+1E03 (decimal 7683)
   defining Unicode char U+1E9E (decimal 7838)
   defining Unicode char U+200C (decimal 8204)
   defining Unicode char U+2010 (decimal 8208)
   defining Unicode char U+2011 (decimal 8209)
   defining Unicode char U+2012 (decimal 8210)
   defining Unicode char U+2013 (decimal 8211)
   defining Unicode char U+2014 (decimal 8212)
   defining Unicode char U+2015 (decimal 8213)
   defining Unicode char U+2018 (decimal 8216)
   defining Unicode char U+2019 (decimal 8217)
   defining Unicode char U+201A (decimal 8218)
   defining Unicode char U+201C (decimal 8220)
   defining Unicode char U+201D (decimal 8221)
   defining Unicode char U+201E (decimal 8222)
   defining Unicode char U+2030 (decimal 8240)
   defining Unicode char U+2031 (decimal 8241)
   defining Unicode char U+2039 (decimal 8249)
   defining Unicode char U+203A (decimal 8250)
   defining Unicode char U+2423 (decimal 9251)
   defining Unicode char U+1E20 (decimal 7712)
   defining Unicode char U+1E21 (decimal 7713)
   defining Unicode char U+FB00 (decimal 64256)
   defining Unicode char U+FB01 (decimal 64257)
   defining Unicode char U+FB02 (decimal 64258)
   defining Unicode char U+FB03 (decimal 64259)
   defining Unicode char U+FB04 (decimal 64260)
   defining Unicode char U+FB05 (decimal 64261)
   defining Unicode char U+FB06 (decimal 64262)
)
Now handling font encoding TS1 ...
... processing UTF-8 mapping file for font encoding TS1
("C:\Program Files\MiKTeX 2.9\tex/latex/base\ts1enc.dfu"
File: ts1enc.dfu 2019/11/14 v1.2k UTF-8 support for inputenc
   defining Unicode char U+00A2 (decimal 162)
   defining Unicode char U+00A3 (decimal 163)
   defining Unicode char U+00A4 (decimal 164)
   defining Unicode char U+00A5 (decimal 165)
   defining Unicode char U+00A6 (decimal 166)
   defining Unicode char U+00A7 (decimal 167)
   defining Unicode char U+00A8 (decimal 168)
   defining Unicode char U+00A9 (decimal 169)
   defining Unicode char U+00AA (decimal 170)
   defining Unicode char U+00AC (decimal 172)
   defining Unicode char U+00AE (decimal 174)
   defining Unicode char U+00AF (decimal 175)
   defining Unicode char U+00B0 (decimal 176)
   defining Unicode char U+00B1 (decimal 177)
   defining Unicode char U+00B2 (decimal 178)
   defining Unicode char U+00B3 (decimal 179)
   defining Unicode char U+00B4 (decimal 180)
   defining Unicode char U+00B5 (decimal 181)
   defining Unicode char U+00B6 (decimal 182)
   defining Unicode char U+00B7 (decimal 183)
   defining Unicode char U+00B9 (decimal 185)
   defining Unicode char U+00BA (decimal 186)
   defining Unicode char U+00BC (decimal 188)
   defining Unicode char U+00BD (decimal 189)
   defining Unicode char U+00BE (decimal 190)
   defining Unicode char U+00D7 (decimal 215)
   defining Unicode char U+00F7 (decimal 247)
   defining Unicode char U+0192 (decimal 402)
   defining Unicode char U+02C7 (decimal 711)
   defining Unicode char U+02D8 (decimal 728)
   defining Unicode char U+02DD (decimal 733)
   defining Unicode char U+0E3F (decimal 3647)
   defining Unicode char U+2016 (decimal 8214)
   defining Unicode char U+2020 (decimal 8224)
   defining Unicode char U+2021 (decimal 8225)
   defining Unicode char U+2022 (decimal 8226)
   defining Unicode char U+2030 (decimal 8240)
   defining Unicode char U+2031 (decimal 8241)
   defining Unicode char U+203B (decimal 8251)
   defining Unicode char U+203D (decimal 8253)
   defining Unicode char U+2044 (decimal 8260)
   defining Unicode char U+204E (decimal 8270)
   defining Unicode char U+2052 (decimal 8274)
   defining Unicode char U+20A1 (decimal 8353)
   defining Unicode char U+20A4 (decimal 8356)
   defining Unicode char U+20A6 (decimal 8358)
   defining Unicode char U+20A9 (decimal 8361)
   defining Unicode char U+20AB (decimal 8363)
   defining Unicode char U+20AC (decimal 8364)
   defining Unicode char U+20B1 (decimal 8369)
   defining Unicode char U+2103 (decimal 8451)
   defining Unicode char U+2116 (decimal 8470)
   defining Unicode char U+2117 (decimal 8471)
   defining Unicode char U+211E (decimal 8478)
   defining Unicode char U+2120 (decimal 8480)
   defining Unicode char U+2122 (decimal 8482)
   defining Unicode char U+2126 (decimal 8486)
   defining Unicode char U+2127 (decimal 8487)
   defining Unicode char U+212E (decimal 8494)
   defining Unicode char U+2190 (decimal 8592)
   defining Unicode char U+2191 (decimal 8593)
   defining Unicode char U+2192 (decimal 8594)
   defining Unicode char U+2193 (decimal 8595)
   defining Unicode char U+2329 (decimal 9001)
   defining Unicode char U+232A (decimal 9002)
   defining Unicode char U+2422 (decimal 9250)
   defining Unicode char U+25E6 (decimal 9702)
   defining Unicode char U+25EF (decimal 9711)
   defining Unicode char U+266A (decimal 9834)
   defining Unicode char U+27E8 (decimal 10216)
   defining Unicode char U+27E9 (decimal 10217)
   defining Unicode char U+FEFF (decimal 65279)
)
Now handling font encoding OMX ...
... no UTF-8 mapping file for font encoding OMX
Now handling font encoding U ...
... no UTF-8 mapping file for font encoding U
   defining Unicode char U+00A9 (decimal 169)
   defining Unicode char U+00AA (decimal 170)
   defining Unicode char U+00AE (decimal 174)
   defining Unicode char U+00BA (decimal 186)
   defining Unicode char U+02C6 (decimal 710)
   defining Unicode char U+02DC (decimal 732)
   defining Unicode char U+200C (decimal 8204)
   defining Unicode char U+2026 (decimal 8230)
   defining Unicode char U+2122 (decimal 8482)
   defining Unicode char U+2423 (decimal 9251)
   defining Unicode char U+FEFF (decimal 65279)
)) ("C:\Program Files\MiKTeX 2.9\tex/latex/base\fontenc.sty"
Package: fontenc 2020/02/11 v2.0o Standard LaTeX package
) ("C:\Program Files\MiKTeX 2.9\tex/generic/babel\babel.sty"
Package: babel 2020/02/28 3.41 The Babel package
("C:\Program Files\MiKTeX 2.9\tex/generic/babel\switch.def"
File: switch.def 2020/02/28 3.41 Babel switching mechanism
)
*************************************
* Local config file bblopts.cfg used
*
("C:\Program Files\MiKTeX 2.9\tex/latex/arabi\bblopts.cfg"
File: bblopts.cfg 2005/09/08 v0.1 add Arabic and Farsi to "declared" options of
 babel
) ("C:\Program Files\MiKTeX 2.9\tex/latex/babel-spanish\spanish.ldf"
Language: spanish.ldf 2016/03/03 v5.0p Spanish support from the babel system
("C:\Program Files\MiKTeX 2.9\tex/generic/babel\babel.def"
File: babel.def 2020/02/28 3.41 Babel common definitions
\babel@savecnt=\count175
\U@D=\dimen135
("C:\Program Files\MiKTeX 2.9\tex/generic/babel\txtbabel.def")
\bbl@readstream=\read2
\bbl@dirlevel=\count176
)
\es@quottoks=\toks18
\es@quotdepth=\count177
Package babel Info: Making " an active character on input line 561.
)) ("C:\Program Files\MiKTeX 2.9\tex/latex/lipsum\lipsum.sty" ("C:\Program File
s\MiKTeX 2.9\tex/generic/tex4ht\usepackage.4ht"
version 2019-12-19-14:27
) ("C:\Program Files\MiKTeX 2.9\tex/latex/l3kernel\expl3.sty"
Package: expl3 2020-02-25 L3 programming layer (loader) 

(C:\Users\Beatriz\AppData\Roaming\MiKTeX\2.9\tex/latex/l3backend\l3backend-dvip
s.def
File: l3backend-dvips.def 2020-02-23 L3 backend support: dvips
\l__pdf_internal_box=\box45
\g__pdf_backend_object_int=\count178
\l__pdf_backend_content_box=\box46
\l__pdf_backend_model_box=\box47
\g__pdf_backend_annotation_int=\count179
\g__pdf_backend_link_int=\count180
\g__pdf_backend_link_sf_int=\count181
)) ("C:\Program Files\MiKTeX 2.9\tex/latex/l3packages/xparse\xparse.sty" ("C:\P
rogram Files\MiKTeX 2.9\tex/generic/tex4ht\usepackage.4ht"
version 2019-12-19-14:27
)
Package: xparse 2020-02-25 L3 Experimental document command parser
\l__xparse_current_arg_int=\count182
\g__xparse_grabber_int=\count183
\l__xparse_m_args_int=\count184
\l__xparse_v_nesting_int=\count185
)
Package: lipsum 2019/01/02 v2.2 150 paragraphs of Lorem Ipsum dummy text
("C:\Program Files\MiKTeX 2.9\tex/latex/lipsum\lipsum.ltd.tex"
File: lipsum.ltd.tex 2019/01/02 v2.2 The Lorem ipsum dummy text
)) ("C:\Program Files\MiKTeX 2.9\tex/latex/amsmath\amsmath.sty"
Package: amsmath 2020/01/20 v2.17e AMS math features
\@mathmargin=\skip49
For additional information on amsmath, use the `?' option.
("C:\Program Files\MiKTeX 2.9\tex/latex/amsmath\amstext.sty"
Package: amstext 2000/06/29 v2.01 AMS text
("C:\Program Files\MiKTeX 2.9\tex/latex/amsmath\amsgen.sty"
File: amsgen.sty 1999/11/30 v2.0 generic functions
\@emptytoks=\toks19
\ex@=\dimen136
)) ("C:\Program Files\MiKTeX 2.9\tex/latex/amsmath\amsbsy.sty"
Package: amsbsy 1999/11/29 v1.2d Bold Symbols
\pmbraise@=\dimen137
) ("C:\Program Files\MiKTeX 2.9\tex/latex/amsmath\amsopn.sty"
Package: amsopn 2016/03/08 v2.02 operator names
)
\inf@bad=\count186
LaTeX Info: Redefining \frac on input line 227.
\uproot@=\count187
\leftroot@=\count188
LaTeX Info: Redefining \overline on input line 389.
\classnum@=\count189
\DOTSCASE@=\count190
LaTeX Info: Redefining \ldots on input line 486.
LaTeX Info: Redefining \dots on input line 489.
LaTeX Info: Redefining \cdots on input line 610.
\Mathstrutbox@=\box48
\strutbox@=\box49
\big@size=\dimen138
LaTeX Font Info:    Redeclaring font encoding OML on input line 733.
LaTeX Font Info:    Redeclaring font encoding OMS on input line 734.
\macc@depth=\count191
\c@MaxMatrixCols=\count192
\dotsspace@=\muskip16
\c@parentequation=\count193
\dspbrk@lvl=\count194
\tag@help=\toks20
\row@=\count195
\column@=\count196
\maxfields@=\count197
\andhelp@=\toks21
\eqnshift@=\dimen139
\alignsep@=\dimen140
\tagshift@=\dimen141
\tagwidth@=\dimen142
\totwidth@=\dimen143
\lineht@=\dimen144
\@envbody=\toks22
\multlinegap=\skip50
\multlinetaggap=\skip51
\mathdisplay@stack=\toks23
LaTeX Info: Redefining \[ on input line 2859.
LaTeX Info: Redefining \] on input line 2860.
) ("C:\Program Files\MiKTeX 2.9\tex/latex/amscls\amsthm.sty"
Package: amsthm 2017/10/31 v2.20.4
\thm@style=\toks24
\thm@bodyfont=\toks25
\thm@headfont=\toks26
\thm@notefont=\toks27
\thm@headpunct=\toks28
\thm@preskip=\skip52
\thm@postskip=\skip53
\thm@headsep=\skip54
\dth@everypar=\toks29
) ("C:\Program Files\MiKTeX 2.9\tex/latex/hyperref\hyperref.sty"
Package: hyperref 2020/01/14 v7.00d Hypertext links for LaTeX
("C:\Program Files\MiKTeX 2.9\tex/generic/ltxcmds\ltxcmds.sty"
Package: ltxcmds 2019/12/15 v1.24 LaTeX kernel commands for general use (HO)
) ("C:\Program Files\MiKTeX 2.9\tex/generic/iftex\iftex.sty"
Package: iftex 2019/11/07 v1.0c TeX engine tests
) ("C:\Program Files\MiKTeX 2.9\tex/latex/pdftexcmds\pdftexcmds.sty"
Package: pdftexcmds 2019/11/24 v0.31 Utility functions of pdfTeX for LuaTeX (HO
)
("C:\Program Files\MiKTeX 2.9\tex/generic/infwarerr\infwarerr.sty"
Package: infwarerr 2019/12/03 v1.5 Providing info/warning/error messages (HO)
)
Package pdftexcmds Info: \pdf@primitive is available.
Package pdftexcmds Info: \pdf@ifprimitive is available.
Package pdftexcmds Info: \pdfdraftmode is ignored in DVI mode.
) ("C:\Program Files\MiKTeX 2.9\tex/latex/graphics\keyval.sty"
Package: keyval 2014/10/28 v1.15 key=value parser (DPC)
\KV@toks@=\toks30
) ("C:\Program Files\MiKTeX 2.9\tex/generic/kvsetkeys\kvsetkeys.sty"
Package: kvsetkeys 2019/12/15 v1.18 Key value parser (HO)
) ("C:\Program Files\MiKTeX 2.9\tex/generic/kvdefinekeys\kvdefinekeys.sty"
Package: kvdefinekeys 2019-12-19 v1.6 Define keys (HO)
) ("C:\Program Files\MiKTeX 2.9\tex/generic/pdfescape\pdfescape.sty"
Package: pdfescape 2019/12/09 v1.15 Implements pdfTeX's escape features (HO)
) ("C:\Program Files\MiKTeX 2.9\tex/latex/hycolor\hycolor.sty"
Package: hycolor 2020-01-27 v1.10 Color options for hyperref/bookmark (HO)
) ("C:\Program Files\MiKTeX 2.9\tex/latex/letltxmacro\letltxmacro.sty"
Package: letltxmacro 2019/12/03 v1.6 Let assignment for LaTeX macros (HO)
) ("C:\Program Files\MiKTeX 2.9\tex/latex/auxhook\auxhook.sty"
Package: auxhook 2019-12-17 v1.6 Hooks for auxiliary files (HO)

Package auxhook Warning: Cannot patch \document,
(auxhook)                using \AtBeginDocument instead.

) ("C:\Program Files\MiKTeX 2.9\tex/latex/kvoptions\kvoptions.sty"
Package: kvoptions 2019/11/29 v3.13 Key value format for package options (HO)
)
\@linkdim=\dimen145
\Hy@linkcounter=\count198
\Hy@pagecounter=\count199
("C:\Program Files\MiKTeX 2.9\tex/latex/hyperref\pd1enc.def"
File: pd1enc.def 2020/01/14 v7.00d Hyperref: PDFDocEncoding definition (HO)
Now handling font encoding PD1 ...
... no UTF-8 mapping file for font encoding PD1
) ("C:\Program Files\MiKTeX 2.9\tex/generic/intcalc\intcalc.sty"
Package: intcalc 2019/12/15 v1.3 Expandable calculations with integers (HO)
) ("C:\Program Files\MiKTeX 2.9\tex/generic/etexcmds\etexcmds.sty"
Package: etexcmds 2019/12/15 v1.7 Avoid name clashes with e-TeX commands (HO)
)
\Hy@SavedSpaceFactor=\count266
Package hyperref Info: Option `colorlinks' set `true' on input line 4421.
Package hyperref Info: Hyper figures OFF on input line 4547.
Package hyperref Info: Link nesting OFF on input line 4552.
Package hyperref Info: Hyper index ON on input line 4555.
Package hyperref Info: Plain pages OFF on input line 4562.
Package hyperref Info: Backreferencing OFF on input line 4567.
Package hyperref Info: Implicit mode ON; LaTeX internals redefined.
Package hyperref Info: Bookmarks ON on input line 4800.
\c@Hy@tempcnt=\count267
("C:\Program Files\MiKTeX 2.9\tex/latex/url\url.sty"
\Urlmuskip=\muskip17
Package: url 2013/09/16  ver 3.4  Verb mode for urls, etc.
)
LaTeX Info: Redefining \url on input line 5159.
\XeTeXLinkMargin=\dimen146
("C:\Program Files\MiKTeX 2.9\tex/generic/bitset\bitset.sty"
Package: bitset 2019/12/09 v1.3 Handle bit-vector datatype (HO)
("C:\Program Files\MiKTeX 2.9\tex/generic/bigintcalc\bigintcalc.sty"
Package: bigintcalc 2019/12/15 v1.5 Expandable calculations on big integers (HO
)
))
\Fld@menulength=\count268
\Field@Width=\dimen147
\Fld@charsize=\dimen148
\Field@toks=\toks31
Package hyperref Info: Hyper figures OFF on input line 6430.
Package hyperref Info: Link nesting OFF on input line 6435.
Package hyperref Info: Hyper index ON on input line 6438.
Package hyperref Info: backreferencing OFF on input line 6445.
Package hyperref Info: Link coloring ON on input line 6448.
Package hyperref Info: Link coloring with OCG OFF on input line 6455.
Package hyperref Info: PDF/A mode OFF on input line 6460.
LaTeX Info: Redefining \ref on input line 6500.
LaTeX Info: Redefining \pageref on input line 6504.
("C:\Program Files\MiKTeX 2.9\tex/generic/atbegshi\atbegshi.sty"
Package: atbegshi 2019/12/05 v1.19 At begin shipout hook (HO)
)
\Hy@abspage=\count269

Package hyperref Message: Stopped early.

)
Package hyperref Info: Driver: htex4ht.
("C:\Program Files\MiKTeX 2.9\tex/latex/hyperref\htex4ht.def"
File: htex4ht.def 2020/01/14 v7.00d Hyperref driver for TeX4ht
Package hyperref Info: tex4ht is already loaded.
) (config.cfg ("C:\Program Files\MiKTeX 2.9\tex/generic/tex4ht\tex4ht.4ht"
version 2018-12-30-09:29
--------------------------------------
--- Note --- for additional information, use the command line option `info'
--------------------------------------
::::::::::::::::::::::::::::::::::::::::::
 TeX4ht info is available in the log file 
::::::::::::::::::::::::::::::::::::::::::
) ("C:\Program Files\MiKTeX 2.9\tex/generic/tex4ht\tex4ht.sty"
version 2019-03-18-15:24
("C:\Program Files\MiKTeX 2.9\tex/latex/graphics\color.sty"
Package: color 2019/11/23 v1.2a Standard LaTeX Color (DPC)
("C:\Program Files\MiKTeX 2.9\tex/latex/graphics-cfg\color.cfg"
File: color.cfg 2016/01/02 v1.6 sample color configuration
)
Package color Info: Driver file: dvips.def on input line 147.
("C:\Program Files\MiKTeX 2.9\tex/latex/graphics-def\dvips.def"
File: dvips.def 2017/06/20 v3.1d Graphics/color driver for dvips
) ("C:\Program Files\MiKTeX 2.9\tex/latex/graphics\dvipsnam.def"
File: dvipsnam.def 2016/06/17 v3.0m Driver-dependent file (DPC,SPQR)
))
--- needs --- tex4ht test ---
\tmp:cnt=\count270
\openout15 = `test.tmp'.

(test.tmp)
\tmp:dim=\skip55
(test.xref)
\:refout=\write3
\openout3 = `test.xref'.

("C:\Program Files\MiKTeX 2.9\tex/generic/tex4ht\html4.4ht"
version 2020-01-24-14:39
--------------------------------------
--- Note --- to remove the <?xml version=...?> processing instruction use the c
ommand line option `no-VERSION'
--------------------------------------
--------------------------------------
--- Note --- to remove the DOCTYPE declaration use the command line option `no-
DOCTYPE'
--------------------------------------
) ("C:\Program Files\MiKTeX 2.9\tex/generic/tex4ht\unicode.4ht"
version 2019-12-28-14:40
) ("C:\Program Files\MiKTeX 2.9\tex/generic/tex4ht\mathml.4ht"
version 2019-12-30-14:10
) ("C:\Program Files\MiKTeX 2.9\tex/generic/tex4ht\html-mml.4ht"
version 2018-12-05-15:46
) ("C:\Program Files\MiKTeX 2.9\tex/generic/tex4ht\html5.4ht"
version 2019-11-21-13:36
)
--------------------------------------
--- Note --- for marking of the base font, use the command line option `fonts+'

--------------------------------------
--------------------------------------
--- Note --- for non active _, use the command line option `no_'
--------------------------------------
--------------------------------------
--- Note --- for _ of catcode 13, use the command line option `_13'
--------------------------------------
--------------------------------------
--- Note --- for non active ^, use the command line option `no^'
--------------------------------------
--------------------------------------
--- Note --- for ^ of catcode 13, use the command line option `^13'
--------------------------------------
("C:\Program Files\MiKTeX 2.9\tex/generic/tex4ht\html4.4ht"
version 2020-01-24-14:39
--------------------------------------
--- Note --- For section filenames that reflect on their titles use the command
 line option `sec-filename'
--------------------------------------
--------------------------------------
--- Note --- to ignore CSS font decoration, use the `NoFonts' command line opti
on
--------------------------------------
--------------------------------------
--- Note --- for jpg bitmaps of pictures, use the `jpg' command line option. (C
haracter bitmaps are controled only by `g' records of tex4ht.env and `-g' switc
hes of tex4ht.c) 
--------------------------------------
--------------------------------------
--- Note --- for gif bitmaps of pictures, use the `gif' command line option. (C
haracter bitmaps are controled only by `g' records of tex4ht.env and `-g' switc
hes of tex4ht.c) 
--------------------------------------
--------------------------------------
--- Note --- for file extension name xht, use the command line option `xht'
--------------------------------------
TeX4ht package options: charset=utf-8,html5,html,xhtml,3,frames,next,mathml,mat
hjax
--------------------------------------
--- Note --- To print a timestamp, use the command line option timestamp
--------------------------------------
--------------------------------------
--- Note --- to ignore CSS code, use the command line option `-css
--------------------------------------
--------------------------------------
--- Note --- for inline CSS code, use the command line option `css-in'
--------------------------------------
--------------------------------------
--- Note --- for pop ups on mouse over, use the command line option `mouseover'

--------------------------------------
--------------------------------------
--- Note --- for addressing images in a subdirectory, use the command line opti
on `imgdir:.../'
--------------------------------------
) ("C:\Program Files\MiKTeX 2.9\tex/generic/tex4ht\unicode.4ht"
version 2019-12-28-14:40
) ("C:\Program Files\MiKTeX 2.9\tex/generic/tex4ht\mathml.4ht"
version 2019-12-30-14:10
) ("C:\Program Files\MiKTeX 2.9\tex/generic/tex4ht\html-mml.4ht"
version 2018-12-05-15:46
) ("C:\Program Files\MiKTeX 2.9\tex/generic/tex4ht\html5.4ht"
version 2019-11-21-13:36
--------------------------------------
--- Note --- To print a timestamp, use the command line option timestamp
--------------------------------------
)
\:tokwrite=\toks32
\:tokpage=\toks33
--------------------------------------
--- Note --- for back links to toc, use the command line option `sections+'
--------------------------------------
\openout15 = `test.4ct'.

\:tocout=\write4
\openout4 = `test.4tc'.

("C:\Program Files\MiKTeX 2.9\tex/generic/tex4ht\html4.4ht"
version 2020-01-24-14:39
) ("C:\Program Files\MiKTeX 2.9\tex/generic/tex4ht\unicode.4ht"
version 2019-12-28-14:40
) ("C:\Program Files\MiKTeX 2.9\tex/generic/tex4ht\mathml.4ht"
version 2019-12-30-14:10
) ("C:\Program Files\MiKTeX 2.9\tex/generic/tex4ht\html-mml.4ht"
version 2018-12-05-15:46
) ("C:\Program Files\MiKTeX 2.9\tex/generic/tex4ht\html5.4ht"
version 2019-11-21-13:36
) ("C:\Program Files\MiKTeX 2.9\tex/generic/tex4ht\latex.4ht"
version 2019-08-26-14:22
LaTeX Info: Redefining \_ on input line 168.
--------------------------------------
--- Note --- for links into captions, instead of float heads, use the command l
ine option `refcaption'
--------------------------------------
("C:\Program Files\MiKTeX 2.9\tex/generic/tex4ht\html4.4ht"
version 2020-01-24-14:39
) ("C:\Program Files\MiKTeX 2.9\tex/generic/tex4ht\unicode.4ht"
version 2019-12-28-14:40
) ("C:\Program Files\MiKTeX 2.9\tex/generic/tex4ht\mathml.4ht"
version 2019-12-30-14:10
) ("C:\Program Files\MiKTeX 2.9\tex/generic/tex4ht\html-mml.4ht"
version 2018-12-05-15:46
) ("C:\Program Files\MiKTeX 2.9\tex/generic/tex4ht\html5.4ht"
version 2019-11-21-13:36
) ("C:\Program Files\MiKTeX 2.9\tex/generic/tex4ht\html4.4ht"
version 2020-01-24-14:39
--------------------------------------
--- Note --- For mini tocs immediately aftter the header use the command line o
ption `minitoc<'
--------------------------------------
--------------------------------------
--- Note --- for enumerated list elements with valued data, use the command lin
e option `enumerate+'
--------------------------------------
--------------------------------------
--- Note --- for enumerated list elements li's with value attributes, use the c
ommand line option `enumerate-'
--------------------------------------
--------------------------------------
--- Note --- for CSS2 code, use the command line option `css2'
--------------------------------------
--------------------------------------
--- Note --- for pictorial tabular, use the command line option `pic-tabular'
--------------------------------------
--------------------------------------
--- Note --- for bitmap fbox'es, use the command line option `pic-fbox'
--------------------------------------
--------------------------------------
--- Note --- for bitmap framebox'es, use the command line option `pic-framebox'

--------------------------------------
--------------------------------------
--- Note --- for inline footnotes use command line option `fn-in'
--------------------------------------
--------------------------------------
--- Note --- for tracing of latex font commands, use the command line option `f
onts'
--------------------------------------
--------------------------------------
--- Note --- for width specifications of tabular p entries, use the `p-width' c
ommand line option or a configuration similar to \Configure{HColWidth}{\HCode{ 
style="width:\HColWidth"}}
--------------------------------------
) ("C:\Program Files\MiKTeX 2.9\tex/generic/tex4ht\unicode.4ht"
version 2019-12-28-14:40
) ("C:\Program Files\MiKTeX 2.9\tex/generic/tex4ht\mathml.4ht"
version 2019-12-30-14:10
) ("C:\Program Files\MiKTeX 2.9\tex/generic/tex4ht\html-mml.4ht"
version 2018-12-05-15:46
) ("C:\Program Files\MiKTeX 2.9\tex/generic/tex4ht\html5.4ht"
version 2019-11-21-13:36
)) ("C:\Program Files\MiKTeX 2.9\tex/generic/tex4ht\fontmath.4ht"
version 2018-11-06-15:55
("C:\Program Files\MiKTeX 2.9\tex/generic/tex4ht\html4.4ht"
version 2020-01-24-14:39
) ("C:\Program Files\MiKTeX 2.9\tex/generic/tex4ht\unicode.4ht"
version 2019-12-28-14:40
) ("C:\Program Files\MiKTeX 2.9\tex/generic/tex4ht\mathml.4ht"
version 2019-12-30-14:10
\tmp:bx=\box50
[1

] [2] [3] [4] [5] [6] [7] [8] [9] [10] [11] [12] [13] [14] [15] [16] [17] [18] 
[19] [20] [21] [22] [23] [24] [25] [26] [27] [28] [29] [30] [31] [32] [33] [34]
[35] [36] [37] [38] [39] [40] [41] [42] [43] [44] [45] [46] [47] [48]
--------------------------------------
--- Note --- for sources failing to produce clean mathml code, try the command 
line option `mathml-'
--------------------------------------
[49] [50] [51] [52] [53]) ("C:\Program Files\MiKTeX 2.9\tex/generic/tex4ht\html
-mml.4ht"
version 2018-12-05-15:46
) ("C:\Program Files\MiKTeX 2.9\tex/generic/tex4ht\html5.4ht"
version 2019-11-21-13:36
)) ("C:\Program Files\MiKTeX 2.9\tex/generic/tex4ht\article.4ht" ("C:\Program F
iles\MiKTeX 2.9\tex/generic/tex4ht\html4.4ht"
version 2020-01-24-14:39
--------------------------------------
--- Note --- for tocs without * entries, use command line option `notoc*'
--------------------------------------
--------------------------------------
--- Note --- for tocs without * entries, use command line option `notoc*'
--------------------------------------
--------------------------------------
--- Note --- for tocs without * entries, use command line option `notoc*'
--------------------------------------
--------------------------------------
--- Note --- to eliminate mini tables of contents, use the command line option 
`nominitoc'
--------------------------------------
--------------------------------------
--- Note --- to eliminate mini tables of contents, use the command line option 
`nominitoc'
--------------------------------------
--------------------------------------
--- Note --- for frames-like object-based table of contents, use the command li
ne option `obj-toc'
--------------------------------------
--------------------------------------
--- Note --- for files named derived from section titles, use the command line 
option `sec-filename'
--------------------------------------
--------------------------------------
--- Note --- for i-columns index, use the command line option `index=i' (e.g., 
index=2)
--------------------------------------
) ("C:\Program Files\MiKTeX 2.9\tex/generic/tex4ht\unicode.4ht"
version 2019-12-28-14:40
) ("C:\Program Files\MiKTeX 2.9\tex/generic/tex4ht\mathml.4ht"
version 2019-12-30-14:10
) ("C:\Program Files\MiKTeX 2.9\tex/generic/tex4ht\html-mml.4ht"
version 2018-12-05-15:46
) ("C:\Program Files\MiKTeX 2.9\tex/generic/tex4ht\html5.4ht"
version 2019-11-21-13:36
)) ("C:\Program Files\MiKTeX 2.9\tex/generic/tex4ht\inputenc.4ht"
version 2009-05-21-09:32
("C:\Program Files\MiKTeX 2.9\tex/generic/tex4ht\html4.4ht"
version 2020-01-24-14:39
) ("C:\Program Files\MiKTeX 2.9\tex/generic/tex4ht\unicode.4ht"
version 2019-12-28-14:40
) ("C:\Program Files\MiKTeX 2.9\tex/generic/tex4ht\mathml.4ht"
version 2019-12-30-14:10
) ("C:\Program Files\MiKTeX 2.9\tex/generic/tex4ht\html-mml.4ht"
version 2018-12-05-15:46
) ("C:\Program Files\MiKTeX 2.9\tex/generic/tex4ht\html5.4ht"
version 2019-11-21-13:36
)) ("C:\Program Files\MiKTeX 2.9\tex/generic/tex4ht\utf8.4ht"
version 2009-05-21-09:32
("C:\Program Files\MiKTeX 2.9\tex/generic/tex4ht\html4.4ht"
version 2020-01-24-14:39
) ("C:\Program Files\MiKTeX 2.9\tex/generic/tex4ht\unicode.4ht"
version 2019-12-28-14:40
) ("C:\Program Files\MiKTeX 2.9\tex/generic/tex4ht\mathml.4ht"
version 2019-12-30-14:10
) ("C:\Program Files\MiKTeX 2.9\tex/generic/tex4ht\html-mml.4ht"
version 2018-12-05-15:46
) ("C:\Program Files\MiKTeX 2.9\tex/generic/tex4ht\html5.4ht"
version 2019-11-21-13:36
)) ("C:\Program Files\MiKTeX 2.9\tex/generic/tex4ht\babel.4ht" ("C:\Program Fil
es\MiKTeX 2.9\tex/generic/tex4ht\html4.4ht"
version 2020-01-24-14:39
) ("C:\Program Files\MiKTeX 2.9\tex/generic/tex4ht\unicode.4ht"
version 2019-12-28-14:40
) ("C:\Program Files\MiKTeX 2.9\tex/generic/tex4ht\mathml.4ht"
version 2019-12-30-14:10
) ("C:\Program Files\MiKTeX 2.9\tex/generic/tex4ht\html-mml.4ht"
version 2018-12-05-15:46
) ("C:\Program Files\MiKTeX 2.9\tex/generic/tex4ht\html5.4ht"
version 2019-11-21-13:36
)) ("C:\Program Files\MiKTeX 2.9\tex/generic/tex4ht\spanish.4ht"
version 2015-02-17-15:57
("C:\Program Files\MiKTeX 2.9\tex/generic/tex4ht\html4.4ht"
version 2020-01-24-14:39
) ("C:\Program Files\MiKTeX 2.9\tex/generic/tex4ht\unicode.4ht"
version 2019-12-28-14:40
) ("C:\Program Files\MiKTeX 2.9\tex/generic/tex4ht\mathml.4ht"
version 2019-12-30-14:10
) ("C:\Program Files\MiKTeX 2.9\tex/generic/tex4ht\html-mml.4ht"
version 2018-12-05-15:46
) ("C:\Program Files\MiKTeX 2.9\tex/generic/tex4ht\html5.4ht"
version 2019-11-21-13:36
)) ("C:\Program Files\MiKTeX 2.9\tex/generic/tex4ht\amsmath.4ht"
version 2019-12-29-14:17
\tmp:muskip=\muskip18
("C:\Program Files\MiKTeX 2.9\tex/generic/tex4ht\html4.4ht"
version 2020-01-24-14:39
) ("C:\Program Files\MiKTeX 2.9\tex/generic/tex4ht\unicode.4ht"
version 2019-12-28-14:40
) ("C:\Program Files\MiKTeX 2.9\tex/generic/tex4ht\mathml.4ht"
version 2019-12-30-14:10
) ("C:\Program Files\MiKTeX 2.9\tex/generic/tex4ht\html-mml.4ht"
version 2018-12-05-15:46
) ("C:\Program Files\MiKTeX 2.9\tex/generic/tex4ht\html5.4ht"
version 2019-11-21-13:36
)) ("C:\Program Files\MiKTeX 2.9\tex/generic/tex4ht\amstext.4ht"
version 2009-05-21-09:32
("C:\Program Files\MiKTeX 2.9\tex/generic/tex4ht\html4.4ht"
version 2020-01-24-14:39
) ("C:\Program Files\MiKTeX 2.9\tex/generic/tex4ht\unicode.4ht"
version 2019-12-28-14:40
) ("C:\Program Files\MiKTeX 2.9\tex/generic/tex4ht\mathml.4ht"
version 2019-12-30-14:10
) ("C:\Program Files\MiKTeX 2.9\tex/generic/tex4ht\html-mml.4ht"
version 2018-12-05-15:46
) ("C:\Program Files\MiKTeX 2.9\tex/generic/tex4ht\html5.4ht"
version 2019-11-21-13:36
)) ("C:\Program Files\MiKTeX 2.9\tex/generic/tex4ht\amsbsy.4ht"
version 2009-05-21-09:32
("C:\Program Files\MiKTeX 2.9\tex/generic/tex4ht\html4.4ht"
version 2020-01-24-14:39
) ("C:\Program Files\MiKTeX 2.9\tex/generic/tex4ht\unicode.4ht"
version 2019-12-28-14:40
) ("C:\Program Files\MiKTeX 2.9\tex/generic/tex4ht\mathml.4ht"
version 2019-12-30-14:10
) ("C:\Program Files\MiKTeX 2.9\tex/generic/tex4ht\html-mml.4ht"
version 2018-12-05-15:46
) ("C:\Program Files\MiKTeX 2.9\tex/generic/tex4ht\html5.4ht"
version 2019-11-21-13:36
)) ("C:\Program Files\MiKTeX 2.9\tex/generic/tex4ht\amsopn.4ht"
version 2009-05-21-09:32
("C:\Program Files\MiKTeX 2.9\tex/generic/tex4ht\html4.4ht"
version 2020-01-24-14:39
) ("C:\Program Files\MiKTeX 2.9\tex/generic/tex4ht\unicode.4ht"
version 2019-12-28-14:40
) ("C:\Program Files\MiKTeX 2.9\tex/generic/tex4ht\mathml.4ht"
version 2019-12-30-14:10
) ("C:\Program Files\MiKTeX 2.9\tex/generic/tex4ht\html-mml.4ht"
version 2018-12-05-15:46
) ("C:\Program Files\MiKTeX 2.9\tex/generic/tex4ht\html5.4ht"
version 2019-11-21-13:36
)) ("C:\Program Files\MiKTeX 2.9\tex/generic/tex4ht\amsthm.4ht"
version 2009-05-21-09:32
("C:\Program Files\MiKTeX 2.9\tex/generic/tex4ht\html4.4ht"
version 2020-01-24-14:39
) ("C:\Program Files\MiKTeX 2.9\tex/generic/tex4ht\unicode.4ht"
version 2019-12-28-14:40
) ("C:\Program Files\MiKTeX 2.9\tex/generic/tex4ht\mathml.4ht"
version 2019-12-30-14:10
) ("C:\Program Files\MiKTeX 2.9\tex/generic/tex4ht\html-mml.4ht"
version 2018-12-05-15:46
) ("C:\Program Files\MiKTeX 2.9\tex/generic/tex4ht\html5.4ht"
version 2019-11-21-13:36
)) ("C:\Program Files\MiKTeX 2.9\tex/generic/tex4ht\hyperref.4ht"
version 2019-09-14-15:17
("C:\Program Files\MiKTeX 2.9\tex/latex/hyperref\nameref.sty"
Package: nameref 2019/09/16 v2.46 Cross-referencing by name of section
("C:\Program Files\MiKTeX 2.9\tex/latex/refcount\refcount.sty"
Package: refcount 2019/12/15 v3.6 Data extraction from label references (HO)
) ("C:\Program Files\MiKTeX 2.9\tex/generic/gettitlestring\gettitlestring.sty"
Package: gettitlestring 2019/12/15 v1.6 Cleanup title references (HO)
)
\c@section@level=\count271
) ("C:\Program Files\MiKTeX 2.9\tex/generic/tex4ht\nameref.4ht"
version 2019-12-23-13:36
("C:\Program Files\MiKTeX 2.9\tex/generic/tex4ht\html4.4ht"
version 2020-01-24-14:39
) ("C:\Program Files\MiKTeX 2.9\tex/generic/tex4ht\unicode.4ht"
version 2019-12-28-14:40
) ("C:\Program Files\MiKTeX 2.9\tex/generic/tex4ht\mathml.4ht"
version 2019-12-30-14:10
) ("C:\Program Files\MiKTeX 2.9\tex/generic/tex4ht\html-mml.4ht"
version 2018-12-05-15:46
) ("C:\Program Files\MiKTeX 2.9\tex/generic/tex4ht\html5.4ht"
version 2019-11-21-13:36
))
LaTeX Info: Redefining \autoref on input line 95.
\Hy@SectionHShift=\skip56
("C:\Program Files\MiKTeX 2.9\tex/generic/tex4ht\html4.4ht"
version 2020-01-24-14:39
) ("C:\Program Files\MiKTeX 2.9\tex/generic/tex4ht\unicode.4ht"
version 2019-12-28-14:40
) ("C:\Program Files\MiKTeX 2.9\tex/generic/tex4ht\mathml.4ht"
version 2019-12-30-14:10
) ("C:\Program Files\MiKTeX 2.9\tex/generic/tex4ht\html-mml.4ht"
version 2018-12-05-15:46
) ("C:\Program Files\MiKTeX 2.9\tex/generic/tex4ht\html5.4ht"
version 2019-11-21-13:36
)) ("C:\Program Files\MiKTeX 2.9\tex/generic/tex4ht\pd1enc.4ht"
version 2009-05-21-09:32
("C:\Program Files\MiKTeX 2.9\tex/generic/tex4ht\html4.4ht"
version 2020-01-24-14:39
) ("C:\Program Files\MiKTeX 2.9\tex/generic/tex4ht\unicode.4ht"
version 2019-12-28-14:40
) ("C:\Program Files\MiKTeX 2.9\tex/generic/tex4ht\mathml.4ht"
version 2019-12-30-14:10
) ("C:\Program Files\MiKTeX 2.9\tex/generic/tex4ht\html-mml.4ht"
version 2018-12-05-15:46
) ("C:\Program Files\MiKTeX 2.9\tex/generic/tex4ht\html5.4ht"
version 2019-11-21-13:36
)) ("C:\Program Files\MiKTeX 2.9\tex/generic/tex4ht\url.4ht"
version 2009-05-21-09:32
("C:\Program Files\MiKTeX 2.9\tex/generic/tex4ht\html4.4ht"
version 2020-01-24-14:39
--------------------------------------
--- Note --- for URL encoding within href use the command line option `url-enc'

--------------------------------------
) ("C:\Program Files\MiKTeX 2.9\tex/generic/tex4ht\unicode.4ht"
version 2019-12-28-14:40
) ("C:\Program Files\MiKTeX 2.9\tex/generic/tex4ht\mathml.4ht"
version 2019-12-30-14:10
) ("C:\Program Files\MiKTeX 2.9\tex/generic/tex4ht\html-mml.4ht"
version 2018-12-05-15:46
) ("C:\Program Files\MiKTeX 2.9\tex/generic/tex4ht\html5.4ht"
version 2019-11-21-13:36
)) ("C:\Program Files\MiKTeX 2.9\tex/generic/tex4ht\color.4ht" ("C:\Program Fil
es\MiKTeX 2.9\tex/generic/tex4ht\html4.4ht"
version 2020-01-24-14:39
) ("C:\Program Files\MiKTeX 2.9\tex/generic/tex4ht\unicode.4ht"
version 2019-12-28-14:40
) ("C:\Program Files\MiKTeX 2.9\tex/generic/tex4ht\mathml.4ht"
version 2019-12-30-14:10
) ("C:\Program Files\MiKTeX 2.9\tex/generic/tex4ht\html-mml.4ht"
version 2018-12-05-15:46
) ("C:\Program Files\MiKTeX 2.9\tex/generic/tex4ht\html5.4ht"
version 2019-11-21-13:36
)) ("C:\Program Files\MiKTeX 2.9\tex/generic/tex4ht\dvips.4ht"
version 2009-05-21-09:32
("C:\Program Files\MiKTeX 2.9\tex/generic/tex4ht\html4.4ht"
version 2020-01-24-14:39
) ("C:\Program Files\MiKTeX 2.9\tex/generic/tex4ht\unicode.4ht"
version 2019-12-28-14:40
) ("C:\Program Files\MiKTeX 2.9\tex/generic/tex4ht\mathml.4ht"
version 2019-12-30-14:10
) ("C:\Program Files\MiKTeX 2.9\tex/generic/tex4ht\html-mml.4ht"
version 2018-12-05-15:46
) ("C:\Program Files\MiKTeX 2.9\tex/generic/tex4ht\html5.4ht"
version 2019-11-21-13:36
)) ("C:\Program Files\MiKTeX 2.9\tex/generic/tex4ht\dvipsnam.4ht"
version 2009-05-21-09:32
("C:\Program Files\MiKTeX 2.9\tex/latex/graphics\dvipsnam.def") ("C:\Program Fi
les\MiKTeX 2.9\tex/generic/tex4ht\html4.4ht"
version 2020-01-24-14:39
) ("C:\Program Files\MiKTeX 2.9\tex/generic/tex4ht\unicode.4ht"
version 2019-12-28-14:40
) ("C:\Program Files\MiKTeX 2.9\tex/generic/tex4ht\mathml.4ht"
version 2019-12-30-14:10
) ("C:\Program Files\MiKTeX 2.9\tex/generic/tex4ht\html-mml.4ht"
version 2018-12-05-15:46
) ("C:\Program Files\MiKTeX 2.9\tex/generic/tex4ht\html5.4ht"
version 2019-11-21-13:36
)) ("C:\Program Files\MiKTeX 2.9\tex/generic/tex4ht\th4.4ht"
--------------------------------------
--- Note --- for javascript support, use the command line option `javascript'
--------------------------------------
--------------------------------------
--- Note --- for java support, use the command line option `java'
--------------------------------------
--------------------------------------
--- Note --- for image maps support, use the command line option `image-maps'
--------------------------------------
--------------------------------------
--- Note --- for frames support, use the command line option `frames-' or `fram
es'
--------------------------------------
("C:\Program Files\MiKTeX 2.9\tex/generic/tex4ht\html4.4ht"
version 2020-01-24-14:39
) ("C:\Program Files\MiKTeX 2.9\tex/generic/tex4ht\unicode.4ht"
version 2019-12-28-14:40
) ("C:\Program Files\MiKTeX 2.9\tex/generic/tex4ht\mathml.4ht"
version 2019-12-30-14:10
) ("C:\Program Files\MiKTeX 2.9\tex/generic/tex4ht\html-mml.4ht"
version 2018-12-05-15:46
) ("C:\Program Files\MiKTeX 2.9\tex/generic/tex4ht\html5.4ht"
version 2019-11-21-13:36
)) ("C:\Program Files\MiKTeX 2.9\tex/generic/tex4ht\html4.4ht"
version 2020-01-24-14:39
) ("C:\Program Files\MiKTeX 2.9\tex/generic/tex4ht\unicode.4ht"
version 2019-12-28-14:40
) ("C:\Program Files\MiKTeX 2.9\tex/generic/tex4ht\mathml.4ht"
version 2019-12-30-14:10
) ("C:\Program Files\MiKTeX 2.9\tex/generic/tex4ht\html-mml.4ht"
version 2018-12-05-15:46
) ("C:\Program Files\MiKTeX 2.9\tex/generic/tex4ht\html5.4ht"
version 2019-11-21-13:36
)) (test.aux
LaTeX Info: Redefining \. on input line 20.
LaTeX Info: Redefining \% on input line 20.
)
\openout1 = `test.aux'.

LaTeX Font Info:    Checking defaults for OML/cmm/m/it on input line 217.
LaTeX Font Info:    ... okay on input line 217.
LaTeX Font Info:    Checking defaults for OMS/cmsy/m/n on input line 217.
LaTeX Font Info:    ... okay on input line 217.
LaTeX Font Info:    Checking defaults for OT1/cmr/m/n on input line 217.
LaTeX Font Info:    ... okay on input line 217.
LaTeX Font Info:    Checking defaults for T1/cmr/m/n on input line 217.
LaTeX Font Info:    ... okay on input line 217.
LaTeX Font Info:    Checking defaults for TS1/cmr/m/n on input line 217.
LaTeX Font Info:    ... okay on input line 217.
LaTeX Font Info:    Checking defaults for OMX/cmex/m/n on input line 217.
LaTeX Font Info:    ... okay on input line 217.
LaTeX Font Info:    Checking defaults for U/cmr/m/n on input line 217.
LaTeX Font Info:    ... okay on input line 217.
LaTeX Font Info:    Checking defaults for PD1/pdf/m/n on input line 217.
LaTeX Font Info:    ... okay on input line 217.
LaTeX Info: Redefining \. on input line 217.
LaTeX Info: Redefining \% on input line 217.
\AtBeginShipoutBox=\box51
Package hyperref Info: Link coloring ON on input line 217.
LaTeX Info: Redefining \ref on input line 217.
LaTeX Info: Redefining \pageref on input line 217.
LaTeX Info: Redefining \nameref on input line 217.
--- file test.css ---
--- file test2.html ---
(test.4ct) [1]
--- file test3.html ---
) [2

] [3]
--- file testse1.html ---
(test.4ct)
LaTeX Font Info:    Trying to load font information for T1+cmtt on input line 3
2.
("C:\Program Files\MiKTeX 2.9\tex/latex/base\t1cmtt.fd"
File: t1cmtt.fd 2019/12/16 v2.5j Standard LaTeX font definitions
) (samples/maths-sample.tex (test.4ct)
--- file testsu1.html ---
(test.4ct) [4] [5] [6]
--- file testsu2.html ---
(test.4ct) [7

] [8]
--- file testsu3.html ---
(test.4ct) [9

]
--- file testsu4.html ---
(test.4ct) [10

] [11]
--- file testsu5.html ---
(test.4ct) [12

] [13]
--- file testsu6.html ---
(test.4ct) [14

] [15]
--- file testsu7.html ---
(test.4ct) [16

]
--- file testsu8.html ---
(test.4ct) [17

]
--- file testsu9.html ---
(test.4ct)
\c@theorem=\count272
[18

]) [19]
--- file testse2.html ---
(test.4ct) [20

] [21] [22] (test.4ct)
--- file testsu10.html ---
(test.4ct) [23] [24] [25] [26] [27]
--- file testsu11.html ---
(test.4ct) [28

] [29] [30] [31]
--- file testse3.html ---
(test.4ct) [32

] [33] [34] [35]
--- file testli1.html ---
(test.4ct) [36

] [37] [38] [39]
--- file testse4.html ---
(test.4ct) [40

] [41] [42] [43] [44

] (test.aux
LaTeX Info: Redefining \. on input line 20.
LaTeX Info: Redefining \% on input line 20.
) ) 
Here is how much of TeX's memory you used:
 12457 strings out of 481278
 183247 string characters out of 2916606
 756913 words of memory out of 3000000
 27462 multiletter control sequences out of 15000+200000
 548145 words of font info for 62 fonts, out of 3000000 for 9000
 1141 hyphenation exceptions out of 8191
 42i,12n,44p,906b,522s stack positions out of 5000i,500n,10000p,200000b,50000s

Output written on test.dvi (97 pages, 204892 bytes).
